Added Component: Designator=U30(SOIC127P602X173-8N_EPAD)
Added Component: Designator=U31(SOIC127P602X173-8N_EPAD)
Added Component: Designator=U32(SOIC127P602X173-8N_EPAD)
Added Component: Designator=U33(SOIC127P602X173-8N_EPAD)
Added Pin To Net: NetName=GND Pin=U30-1
Added Pin To Net: NetName=MCU_SOL_1_IN2 Pin=U30-2
Added Pin To Net: NetName=MCU_SOL_1_IN1 Pin=U30-3
Added Pin To Net: NetName=SOL_1_VREF Pin=U30-4
Added Pin To Net: NetName=+5/12V_Solenoid Pin=U30-5
Added Pin To Net: NetName=SOL_1_OUT1 Pin=U30-6
Added Pin To Net: NetName=NetR273_1 Pin=U30-7
Added Pin To Net: NetName=SOL_1_OUT2 Pin=U30-8
Added Pin To Net: NetName=GND Pin=U30-EPAD
Added Pin To Net: NetName=GND Pin=U31-1
Added Pin To Net: NetName=MCU_SOL_2_IN2 Pin=U31-2
Added Pin To Net: NetName=MCU_SOL_2_IN1 Pin=U31-3
Added Pin To Net: NetName=SOL_2_VREF Pin=U31-4
Added Pin To Net: NetName=+5/12V_Solenoid Pin=U31-5
Added Pin To Net: NetName=SOL_2_OUT1 Pin=U31-6
Added Pin To Net: NetName=NetR276_1 Pin=U31-7
Added Pin To Net: NetName=SOL_2_OUT2 Pin=U31-8
Added Pin To Net: NetName=GND Pin=U31-EPAD
Added Pin To Net: NetName=GND Pin=U32-1
Added Pin To Net: NetName=MCU_SOL_3_IN2 Pin=U32-2
Added Pin To Net: NetName=MCU_SOL_3_IN1 Pin=U32-3
Added Pin To Net: NetName=SOL_3_VREF Pin=U32-4
Added Pin To Net: NetName=+5/12V_Solenoid Pin=U32-5
Added Pin To Net: NetName=SOL_3_OUT1 Pin=U32-6
Added Pin To Net: NetName=NetR279_1 Pin=U32-7
Added Pin To Net: NetName=SOL_3_OUT2 Pin=U32-8
Added Pin To Net: NetName=GND Pin=U32-EPAD
Added Pin To Net: NetName=GND Pin=U33-1
Added Pin To Net: NetName=MCU_SOL_4_IN2 Pin=U33-2
Added Pin To Net: NetName=MCU_SOL_4_IN1 Pin=U33-3
Added Pin To Net: NetName=SOL_4_VREF Pin=U33-4
Added Pin To Net: NetName=+5/12V_Solenoid Pin=U33-5
Added Pin To Net: NetName=SOL_4_OUT1 Pin=U33-6
Added Pin To Net: NetName=NetR282_1 Pin=U33-7
Added Pin To Net: NetName=SOL_4_OUT2 Pin=U33-8
Added Pin To Net: NetName=GND Pin=U33-EPAD
Added Member To Class: ClassName=15_SOLEDNOID Member=Component U30 TB67H451AFNG,EL
Added Member To Class: ClassName=15_SOLEDNOID Member=Component U31 TB67H451AFNG,EL
Added Member To Class: ClassName=15_SOLEDNOID Member=Component U32 TB67H451AFNG,EL
Added Member To Class: ClassName=15_SOLEDNOID Member=Component U33 TB67H451AFNG,EL
