Add Component: Footprint Not Found QFN40P400X400X80-29N
Add Component: Footprint Not Found PI3WVR626XEBEX_DIO_2
Add Pin To Net: Unknown Pin: Pin J19-M1
Add Pin To Net: Unknown Pin: Pin J19-M2
Add Pin To Net: Unknown Pin: Pin J26-1
Add Pin To Net: Unknown Pin: Pin J26-2
Add Pin To Net: Unknown Pin: Pin J26-3
Add Pin To Net: Unknown Pin: Pin J26-4
Add Pin To Net: Unknown Pin: Pin J26-5
Add Pin To Net: Unknown Pin: Pin J26-6
Add Pin To Net: Unknown Pin: Pin J26-7
Add Pin To Net: Unknown Pin: Pin J26-8
Add Pin To Net: Unknown Pin: Pin J26-9
Add Pin To Net: Unknown Pin: Pin J26-10
Add Pin To Net: Unknown Pin: Pin J26-11
Add Pin To Net: Unknown Pin: Pin J26-M1
Add Pin To Net: Unknown Pin: Pin J26-M2
Add Pin To Net: Unknown Pin: Pin J27-1
Add Pin To Net: Unknown Pin: Pin J27-2
Add Pin To Net: Unknown Pin: Pin J27-3
Add Pin To Net: Unknown Pin: Pin J27-4
Add Pin To Net: Unknown Pin: Pin J27-5
Add Pin To Net: Unknown Pin: Pin J27-6
Add Pin To Net: Unknown Pin: Pin J27-7
Add Pin To Net: Unknown Pin: Pin J27-8
Add Pin To Net: Unknown Pin: Pin J27-9
Add Pin To Net: Unknown Pin: Pin J27-10
Add Pin To Net: Unknown Pin: Pin J27-11
Add Pin To Net: Unknown Pin: Pin J27-M1
Add Pin To Net: Unknown Pin: Pin J27-M2
Add Pin To Net: Unknown Pin: Pin U9-1
Add Pin To Net: Unknown Pin: Pin U9-2
Add Pin To Net: Unknown Pin: Pin U9-3
Add Pin To Net: Unknown Pin: Pin U9-4
Add Pin To Net: Unknown Pin: Pin U9-5
Add Pin To Net: Unknown Pin: Pin U9-6
Add Pin To Net: Unknown Pin: Pin U9-7
Add Pin To Net: Unknown Pin: Pin U9-8
Add Pin To Net: Unknown Pin: Pin U9-9
Add Pin To Net: Unknown Pin: Pin U9-11
Add Pin To Net: Unknown Pin: Pin U9-14
Add Pin To Net: Unknown Pin: Pin U9-15
Add Pin To Net: Unknown Pin: Pin U9-16
Add Pin To Net: Unknown Pin: Pin U9-17
Add Pin To Net: Unknown Pin: Pin U9-18
Add Pin To Net: Unknown Pin: Pin U9-19
Add Pin To Net: Unknown Pin: Pin U9-20
Add Pin To Net: Unknown Pin: Pin U9-21
Add Pin To Net: Unknown Pin: Pin U9-22
Add Pin To Net: Unknown Pin: Pin U9-23
Add Pin To Net: Unknown Pin: Pin U9-24
Add Pin To Net: Unknown Pin: Pin U9-25
Add Pin To Net: Unknown Pin: Pin U9-26
Add Pin To Net: Unknown Pin: Pin U9-27
Add Pin To Net: Unknown Pin: Pin U9-28
Add Pin To Net: Unknown Pin: Pin U9-29
Add Pin To Net: Unknown Pin: Pin U30-9
Add Pin To Net: Unknown Pin: Pin U31-9
Add Pin To Net: Unknown Pin: Pin U32-9
Add Pin To Net: Unknown Pin: Pin U33-9
Add Pin To Net: Unknown Pin: Pin U44-1
Add Pin To Net: Unknown Pin: Pin U44-2
Add Pin To Net: Unknown Pin: Pin U44-3
Add Pin To Net: Unknown Pin: Pin U44-4
Add Pin To Net: Unknown Pin: Pin U44-5
Add Pin To Net: Unknown Pin: Pin U44-6
Add Pin To Net: Unknown Pin: Pin U44-7
Add Pin To Net: Unknown Pin: Pin U44-8
Add Pin To Net: Unknown Pin: Pin U44-9
Add Pin To Net: Unknown Pin: Pin U44-10
Add Pin To Net: Unknown Pin: Pin U44-11
Add Pin To Net: Unknown Pin: Pin U44-12
Add Pin To Net: Unknown Pin: Pin U44-13
Add Pin To Net: Unknown Pin: Pin U44-14
Add Pin To Net: Unknown Pin: Pin U44-15
Add Pin To Net: Unknown Pin: Pin U44-16
Add Pin To Net: Unknown Pin: Pin U44-17
Add Pin To Net: Unknown Pin: Pin U44-18
Add Pin To Net: Unknown Pin: Pin U44-19
Add Pin To Net: Unknown Pin: Pin U44-20
Add Pin To Net: Unknown Pin: Pin U44-21
Add Pin To Net: Unknown Pin: Pin U44-22
Add Pin To Net: Unknown Pin: Pin U44-23
Add Pin To Net: Unknown Pin: Pin U44-24
Add Pin To Net: Unknown Pin: Pin U44-25
Add Class Member: Failed to add class member : Component J26 0533981171
Add Class Member: Failed to add class member : Component J27 0533981171
Add Class Member: Failed to add class member : Component U9 MAX14662ETI+T
Add Class Member: Failed to add class member : Component U44 PI3WVR626XEBEX
